Timetable Test Results
Test 1: 引数指定 (月)
月曜 1.なし 2.なし 3.なし 4.ロボット設計製作論3 5.ロボット設計製作論3 6.ロボット設計製作論3 7.ロボット設計製作論3 8.なし 9.なし 10.なし
Test 2: 引数指定 (金)
金曜 1.なし 2.信号処理論 3.信号処理論 4.なし 5.遊びと社会 6.遊びと社会 7.英語表現3a 8.英語表現3a 9.なし 10.なし
Test 3: 無効な曜日 (土)
エラー: 有効な曜日を指定してください。月、火、水、木、金のいずれかを入力してください。
Test 4: 標準入力から曜日を渡す (水)
水曜 1.数値解析学1 2.数値解析学1 3.センサ工学 4.センサ工学 5.なし 6.なし 7.なし 8.なし 9.なし 10.なし
Test 5: 複数行の標準入力 (月, 木)
月曜 1.なし 2.なし 3.なし 4.ロボット設計製作論3 5.ロボット設計製作論3 6.ロボット設計製作論3 7.ロボット設計製作論3 8.なし 9.なし 10.なし
木曜 1.なし 2.なし 3.ロボットシステム学 4.ロボットシステム学 5.なし 6.なし 7.なし 8.なし 9.なし 10.なし
Test 6: 引数も標準入力もない場合
使い方: ./timetable <曜日> または echo <曜日> | ./timetable
